/**
 * DTO with excluded properties
 */
export interface ExcludeAttributeDTO {
  id: number;
  name: string;
  email: string;
}
