/**
 * Simple user data transfer object
 */
export interface SimpleDTO {
  name: string;
  age: number;
  balance: number;
  isActive: boolean;
  email: string | null;
}
